mode: set
git.sr.ht/~jamesponddotco/acopw-go/diceware.go:44.38,45.21 1 1
git.sr.ht/~jamesponddotco/acopw-go/diceware.go:45.21,48.62 2 1
git.sr.ht/~jamesponddotco/acopw-go/diceware.go:48.62,49.14 1 1
git.sr.ht/~jamesponddotco/acopw-go/diceware.go:52.3,52.47 1 1
git.sr.ht/~jamesponddotco/acopw-go/diceware.go:55.2,55.18 1 1
git.sr.ht/~jamesponddotco/acopw-go/diceware.go:55.18,57.3 1 1
git.sr.ht/~jamesponddotco/acopw-go/diceware.go:59.2,64.24 2 1
git.sr.ht/~jamesponddotco/acopw-go/diceware.go:64.24,66.3 1 1
git.sr.ht/~jamesponddotco/acopw-go/diceware.go:68.2,68.23 1 1
git.sr.ht/~jamesponddotco/acopw-go/diceware.go:68.23,72.3 2 1
git.sr.ht/~jamesponddotco/acopw-go/diceware.go:74.2,76.18 2 1
git.sr.ht/~jamesponddotco/acopw-go/diceware.go:76.18,78.3 1 1
git.sr.ht/~jamesponddotco/acopw-go/diceware.go:80.2,82.32 2 1
git.sr.ht/~jamesponddotco/acopw-go/diceware.go:82.32,88.27 2 1
git.sr.ht/~jamesponddotco/acopw-go/diceware.go:88.27,90.4 1 1
git.sr.ht/~jamesponddotco/acopw-go/diceware.go:92.3,92.30 1 1
git.sr.ht/~jamesponddotco/acopw-go/diceware.go:95.2,95.58 1 1
git.sr.ht/~jamesponddotco/acopw-go/pin.go:24.33,25.21 1 1
git.sr.ht/~jamesponddotco/acopw-go/pin.go:25.21,28.62 2 1
git.sr.ht/~jamesponddotco/acopw-go/pin.go:28.62,29.14 1 1
git.sr.ht/~jamesponddotco/acopw-go/pin.go:32.3,32.47 1 1
git.sr.ht/~jamesponddotco/acopw-go/pin.go:35.2,35.18 1 1
git.sr.ht/~jamesponddotco/acopw-go/pin.go:35.18,37.3 1 1
git.sr.ht/~jamesponddotco/acopw-go/pin.go:39.2,41.32 2 1
git.sr.ht/~jamesponddotco/acopw-go/pin.go:41.32,48.3 2 1
git.sr.ht/~jamesponddotco/acopw-go/pin.go:50.2,50.30 1 1
git.sr.ht/~jamesponddotco/acopw-go/random.go:40.36,41.21 1 1
git.sr.ht/~jamesponddotco/acopw-go/random.go:41.21,44.62 2 1
git.sr.ht/~jamesponddotco/acopw-go/random.go:44.62,45.14 1 1
git.sr.ht/~jamesponddotco/acopw-go/random.go:48.3,48.47 1 1
git.sr.ht/~jamesponddotco/acopw-go/random.go:51.2,51.18 1 1
git.sr.ht/~jamesponddotco/acopw-go/random.go:51.18,53.3 1 1
git.sr.ht/~jamesponddotco/acopw-go/random.go:55.2,55.66 1 1
git.sr.ht/~jamesponddotco/acopw-go/random.go:55.66,60.3 4 1
git.sr.ht/~jamesponddotco/acopw-go/random.go:62.2,64.23 2 1
git.sr.ht/~jamesponddotco/acopw-go/random.go:64.23,65.27 1 1
git.sr.ht/~jamesponddotco/acopw-go/random.go:68.2,70.32 2 1
git.sr.ht/~jamesponddotco/acopw-go/random.go:70.32,77.3 2 1
git.sr.ht/~jamesponddotco/acopw-go/random.go:79.2,79.35 1 1
git.sr.ht/~jamesponddotco/acopw-go/random.go:83.37,84.25 1 1
git.sr.ht/~jamesponddotco/acopw-go/random.go:84.25,87.17 2 1
git.sr.ht/~jamesponddotco/acopw-go/random.go:87.17,89.4 1 1
git.sr.ht/~jamesponddotco/acopw-go/random.go:91.3,91.17 1 1
git.sr.ht/~jamesponddotco/acopw-go/random.go:91.17,93.4 1 1
git.sr.ht/~jamesponddotco/acopw-go/random.go:95.3,95.19 1 1
git.sr.ht/~jamesponddotco/acopw-go/random.go:95.19,97.4 1 1
git.sr.ht/~jamesponddotco/acopw-go/random.go:99.3,99.19 1 1
git.sr.ht/~jamesponddotco/acopw-go/random.go:99.19,101.4 1 1
git.sr.ht/~jamesponddotco/acopw-go/random.go:103.3,103.33 1 1
git.sr.ht/~jamesponddotco/acopw-go/random.go:103.33,105.43 2 1
git.sr.ht/~jamesponddotco/acopw-go/random.go:105.43,107.5 1 1
git.sr.ht/~jamesponddotco/acopw-go/random.go:109.4,110.33 2 1
git.sr.ht/~jamesponddotco/acopw-go/random.go:110.33,111.29 1 1
git.sr.ht/~jamesponddotco/acopw-go/random.go:111.29,113.6 1 1
git.sr.ht/~jamesponddotco/acopw-go/random.go:116.4,116.29 1 1
git.sr.ht/~jamesponddotco/acopw-go/random.go:119.3,119.25 1 1
git.sr.ht/~jamesponddotco/acopw-go/random.go:122.2,122.21 1 1
